// Vitest Snapshot v1, https://vitest.dev/guide/snapshot.html

exports[`json-schema-transform > should generate json-schema correctly 1`] = `
{
  "components": {
    "schemas": {},
  },
  "info": {
    "description": "OpenAPI Sample",
    "title": "OpenAPI Sample",
    "version": "1.0.0",
  },
  "openapi": "3.0.3",
  "paths": {
    "/": {
      "delete": {
        "responses": {
          "204": {
            "description": "No content",
          },
        },
      },
      "get": {
        "responses": {
          "200": {
            "content": {
              "application/json": {
                "schema": {
                  "properties": {
                    "message": {
                      "type": "string",
                    },
                  },
                  "required": [
                    "message",
                  ],
                  "type": "object",
                },
              },
            },
            "description": "Default Response",
          },
        },
        "summary": "Sample",
        "tags": [
          "sample",
        ],
      },
      "put": {
        "responses": {
          "200": {
            "description": "Default Response",
          },
        },
      },
    },
    "/{a}/{b}": {
      "post": {
        "description": "Sample",
        "parameters": [
          {
            "in": "query",
            "name": "a",
            "required": true,
            "schema": {
              "maxLength": 10,
              "minLength": 3,
              "type": "string",
            },
          },
          {
            "in": "query",
            "name": "b",
            "required": true,
            "schema": {
              "type": "number",
            },
          },
          {
            "in": "query",
            "name": "c",
            "required": false,
            "schema": {
              "type": "string",
            },
          },
          {
            "description": "Only numbers",
            "in": "path",
            "name": "a",
            "required": true,
            "schema": {
              "pattern": "^[0-9]+$",
              "type": "string",
            },
          },
          {
            "in": "path",
            "name": "b",
            "required": true,
            "schema": {
              "type": "number",
            },
          },
          {
            "in": "header",
            "name": "Content-Type",
            "required": false,
            "schema": {
              "default": "application/json",
              "type": "string",
            },
          },
        ],
        "requestBody": {
          "content": {
            "application/json": {
              "schema": {
                "properties": {
                  "a": {
                    "type": "string",
                  },
                  "b": {
                    "type": "number",
                  },
                  "c": {
                    "format": "email",
                    "type": "string",
                  },
                  "d": {
                    "type": "string",
                  },
                  "e": {
                    "properties": {
                      "a": {
                        "type": "string",
                      },
                      "b": {
                        "type": "number",
                      },
                    },
                    "required": [
                      "a",
                      "b",
                    ],
                    "type": "object",
                  },
                },
                "required": [
                  "a",
                  "b",
                  "c",
                  "e",
                ],
                "type": "object",
              },
            },
          },
          "required": true,
        },
        "responses": {
          "200": {
            "content": {
              "application/json": {
                "schema": {
                  "properties": {
                    "a": {
                      "type": "string",
                    },
                    "b": {
                      "type": "number",
                    },
                    "c": {
                      "items": {
                        "properties": {
                          "a": {
                            "type": "string",
                          },
                          "b": {
                            "type": "number",
                          },
                        },
                        "required": [
                          "a",
                          "b",
                        ],
                        "type": "object",
                      },
                      "type": "array",
                    },
                  },
                  "required": [
                    "a",
                    "b",
                  ],
                  "type": "object",
                },
              },
            },
            "description": "Default Response",
          },
          "400": {
            "content": {
              "application/json": {
                "schema": {
                  "properties": {
                    "code": {
                      "type": "number",
                    },
                    "error": {
                      "type": "string",
                    },
                  },
                  "required": [
                    "error",
                    "code",
                  ],
                  "type": "object",
                },
              },
            },
            "description": "Default Response",
          },
        },
        "summary": "Sample",
        "tags": [
          "sample",
        ],
      },
    },
  },
  "servers": [],
}
`;
